             VMA              LMA     Size Align Out     In      Symbol
               0                0 80200000     1 . = 0x80200000
        80200000         80200000       4c     2 .text
        80200000         80200000        e     2         /tmp/kernel-087000.o:(.text.boot)
        80200000         80200000        0     1                 
        80200000         80200000        0     1                 
        80200000         80200000        0     1                 .Lpcrel_hi2
        80200000         80200000        0     1                 
        80200000         80200000        e     1                 boot
        8020000e         8020000e        0     1                 
        8020000e         8020000e        0     1                 
        8020000e         8020000e       3e     2         /tmp/kernel-087000.o:(.text)
        8020000e         8020000e        0     1                 
        8020000e         8020000e        0     1                 
        8020000e         8020000e        0     1                 
        8020000e         8020000e       14     1                 memset
        80200010         80200010        0     1                 
        80200012         80200012        0     1                 
        80200012         80200012        0     1                 .LBB0_2
        80200012         80200012        0     1                 
        80200014         80200014        0     1                 
        80200018         80200018        0     1                 
        80200018         80200018        0     1                 
        8020001c         8020001c        0     1                 
        8020001c         8020001c        0     1                 
        8020001e         8020001e        0     1                 
        8020001e         8020001e        0     1                 
        80200020         80200020        0     1                 .LBB0_3
        80200020         80200020        0     1                 
        80200020         80200020        0     1                 
        80200022         80200022        0     1                 
        80200022         80200022        0     1                 
        80200022         80200022        0     1                 
        80200022         80200022        0     1                 
        80200022         80200022        0     1                 .Lpcrel_hi0
        80200022         80200022        0     1                 
        80200022         80200022       2a     1                 kernel_main
        8020002a         8020002a        0     1                 
        8020002a         8020002a        0     1                 .Lpcrel_hi1
        80200036         80200036        0     1                 
        80200038         80200038        0     1                 
        8020003c         8020003c        0     1                 
        8020003c         8020003c        0     1                 .LBB1_2
        8020003c         8020003c        0     1                 
        80200040         80200040        0     1                 
        80200040         80200040        0     1                 
        80200042         80200042        0     1                 
        80200046         80200046        0     1                 
        80200046         80200046        0     1                 
        80200048         80200048        0     1                 
        80200048         80200048        0     1                 
        8020004a         8020004a        0     1                 .LBB1_3
        8020004a         8020004a        0     1                 
        8020004a         8020004a        0     1                 
        8020004c         8020004c        0     1                 
        8020004c         8020004c        0     1                 
        80200050         80200050        0     8 .bss
        80200050         80200050        0     1         __bss = .
        80200050         80200050        0     1         __bss_end = .
        80200050         80200050        0     1 . = ALIGN ( 8 )
        80200050         80200050    40000     1 . += 256 * 1024
        80240050         80240050        0     1 __stack_top = .
               0                0      19f     1 .debug_loc
               0                0      19f     1         /tmp/kernel-087000.o:(.debug_loc)
               0                0        0     1                 
              6c               6c        0     1                 
              c9               c9        0     1                 
             122              122        0     1                 
             155              155        0     1                 
               0                0       da     1 .debug_abbrev
               0                0       da     1         /tmp/kernel-087000.o:(.debug_abbrev)
               0                0      135     1 .debug_info
               0                0      135     1         /tmp/kernel-087000.o:(.debug_info)
               0                0       30     1 .debug_ranges
               0                0       30     1         /tmp/kernel-087000.o:(.debug_ranges)
               0                0        0     1                 
               0                0       b6     1 .debug_str
               0                0       b6     1         <internal>:(.debug_str)
               0                0       40     1 .comment
               0                0       40     1         <internal>:(.comment)
               0                0       2b     1 .riscv.attributes
               0                0       2b     1         <internal>:(.riscv.attributes)
               0                0       60     8 .debug_frame
               0                0       60     8         /tmp/kernel-087000.o:(.debug_frame)
               0                0        0     1                 
               0                0       c9     1 .debug_line
               0                0       c9     1         /tmp/kernel-087000.o:(.debug_line)
               0                0        0     1                 .Lline_table_start0
               0                0      6c0     8 .symtab
               0                0      6c0     8         <internal>:(.symtab)
               0                0       98     1 .shstrtab
               0                0       98     1         <internal>:(.shstrtab)
               0                0       3e     1 .strtab
               0                0       3e     1         <internal>:(.strtab)
